09:04:44 **** Incremental Build of configuration Debug for project Sender ****
make -j8 all 
arm-none-eabi-gcc "../Core/Src/main.c" -mcpu=cortex-m3 -std=gnu11 -g3 -DDEBUG -DUSE_HAL_DRIVER -DSTM32F103xB -c -I../Core/Inc -I../Drivers/STM32F1xx_HAL_Driver/Inc/Legacy -I../Drivers/STM32F1xx_HAL_Driver/Inc -I../Drivers/CMSIS/Device/ST/STM32F1xx/Include -I../Drivers/CMSIS/Include -O0 -ffunction-sections -fdata-sections -Wall -fstack-usage -fcyclomatic-complexity -MMD -MP -MF"Core/Src/main.d" -MT"Core/Src/main.o" --specs=nano.specs -mfloat-abi=soft -mthumb -o "Core/Src/main.o"
arm-none-eabi-gcc -o "Sender.elf" @"objects.list"   -mcpu=cortex-m3 -T"C:\Users\tamim\Desktop\MicroPro\Tamim\Sender\STM32F103C8TX_FLASH.ld" --specs=nosys.specs -Wl,-Map="Sender.map" -Wl,--gc-sections -static --specs=nano.specs -mfloat-abi=soft -mthumb -Wl,--start-group -lc -lm -Wl,--end-group
Finished building target: Sender.elf
 
arm-none-eabi-size  Sender.elf 
arm-none-eabi-objdump -h -S Sender.elf  > "Sender.list"
   text	   data	    bss	    dec	    hex	filename
    852	      4	   1572	   2428	    97c	Sender.elf
Finished building: default.size.stdout
 
Finished building: Sender.list
 
09:05:11 **** Incremental Build of configuration Debug for project Sender ****
make -j8 all 
arm-none-eabi-size  Sender.elf 
   text	   data	    bss	    dec	    hex	filename
    852	      4	   1572	   2428	    97c	Sender.elf
Finished building: default.size.stdout
 
09:05:38 **** Incremental Build of configuration Debug for project Receive ****
make -j8 all 
arm-none-eabi-size  Receive.elf 
   text	   data	    bss	    dec	    hex	filename
    848	      4	   1572	   2424	    978	Receive.elf
Finished building: default.size.stdout
 
